---
source: crates/oxvg_actions/src/actions/manipulate/path.rs
expression: actor.derive_state().unwrap()
---
DerivedState {
    history: [
        Select(
            Cow(
                "path",
            ),
        ),
        PathXor,
    ],
    selection: [
        4,
    ],
    info: Some(
        Info {
            element_id: Some(
                Path,
            ),
            content_model: ContentModel {
                permitted_categories: ElementCategory(
                    Animation | BasicShape | Container | Descriptive | FilterPrimitive | Gradient | Graphics | GraphicsReferencing | LightSource | NeverRendered | PaintServer | Renderable | Shape | Structural | StructurallyExternal | TextContent | TextContentChild | TransferFunction | Uncategorised,
                ),
                permitted_elements: {
                    ClipPath,
                    Marker,
                    Mask,
                    Script,
                    Style,
                },
            },
            attributes: AttrModel {
                expected_attribute_groups: AttributeGroup(
                    AnimationAddition | AnimationAttributeTarget | AnimationEvent | AnimationTargetElement | AnimationTiming | AnimationValue | Aria | ConditionalProcessing | Core | DocumentEvent | DocumentElementEvent | FilterPrimitive | GraphicalEvent | GlobalEvent | Presentation | TransferFunction | XLink,
                ),
                expected_attributes: {
                    D,
                    ExternalResourcesRequired,
                    PathLength,
                },
                values: {
                    D: Cow(
                        "M2 10V2h8v3.832a4 4 0 0 0-4.167 4.166ZM5.834 10.025A4 4 0 0 1 5.833 10h.497A3.5 3.5 0 1 0 10 6.329v-.497a4 4 0 1 1-4.152 4.388ZM6.33 9.997a3.5 3.5 0 0 1 3.669-3.668L10 10H6.33Z",
                    ),
                    FillRule: Cow(
                        "evenodd",
                    ),
                },
            },
            text: Some(
                Static(
                    "",
                ),
            ),
        },
    ),
}
