---
source: crates/oxvg_optimiser/src/jobs/remove_scripts.rs
expression: "test_config(r#\"{ \"removeScripts\": true }\"#,\nSome(r#\"<svg xmlns=\"http://www.w3.org/2000/svg\" viewBox=\"0 0 100 100\">\n  <a href=\"javascript:(() => { alert('uwu') })();\">\n    <text y=\"10\" onclick=\"alert('uwu')\">uwu</text>\n  </a>\n</svg>\"#),)?"
---
<svg xmlns="http://www.w3.org/2000/svg" viewBox="0 0 100 100">
    <text y="10">
        uwu
    </text>
</svg>
