---
source: crates/oxvg_optimiser/src/jobs/reuse_paths.rs
expression: "test_config(r#\"{ \"reusePaths\": true }\"#,\nSome(r##\"<svg xmlns=\"http://www.w3.org/2000/svg\"\n  xmlns:xlink=\"http://www.w3.org/1999/xlink\" viewBox=\"-29.947 60.987 69.975 102.505\">\n  <defs></defs>\n  <path fill=\"#000\" d=\"M0 0v1h.5Z\"/>\n  <path fill=\"#000\" d=\"M0 0v1h.5Z\"/>\n  <path fill=\"#000\" d=\"M0 0v1h.5Z\"/>\n</svg>\"##),)?"
---
<svg xmlns="http://www.w3.org/2000/svg" viewBox="-29.947 60.987 69.975 102.505">
    <defs xmlns:xlink="http://www.w3.org/1999/xlink">
        <path fill="#000" d="M0 0v1h.5Z" id="reuse-0"/>
    </defs>
    <use xlink:href="#reuse-0"/>
    <use xlink:href="#reuse-0"/>
    <use xlink:href="#reuse-0"/>
</svg>
