---
source: crates/oxvg_optimiser/src/jobs/reuse_paths.rs
expression: "test_config(r#\"{ \"reusePaths\": true }\"#,\nSome(r##\"<svg xmlns=\"http://www.w3.org/2000/svg\"\n  xmlns:xlink=\"http://www.w3.org/1999/xlink\" viewBox=\"-29.947 60.987 69.975 102.505\">\n  <g transform=\"translate(-59 64)\">\n    <g id=\"b\">\n      <path id=\"a\" fill=\"#000\" d=\"M0 0v1h.5Z\" transform=\"rotate(18 3.157 -.5)\"/>\n      <use xlink:href=\"#a\" width=\"1\" height=\"1\" transform=\"scale(-1 1)\"/>\n    </g>\n    <use xlink:href=\"#b\" width=\"1\" height=\"1\" transform=\"rotate(72)\"/>\n    <use xlink:href=\"#b\" width=\"1\" height=\"1\" transform=\"rotate(-72)\"/>\n    <use xlink:href=\"#b\" width=\"1\" height=\"1\" transform=\"rotate(144)\"/>\n    <use xlink:href=\"#b\" width=\"1\" height=\"1\" transform=\"rotate(-144)\"/>\n  </g>\n  <path id=\"c\" fill=\"#000\" d=\"M0 0v1h.5Z\" transform=\"rotate(18 3.157 -.5)\"/>\n  <use xlink:href=\"#c\" width=\"1\" height=\"1\" transform=\"scale(-1 1)\"/>\n</svg>\"##),)?"
---
<svg xmlns="http://www.w3.org/2000/svg" xmlns:xlink="http://www.w3.org/1999/xlink" viewBox="-29.947 60.987 69.975 102.505">
    <defs xmlns:xlink="http://www.w3.org/1999/xlink">
        <path id="reuse-0" fill="#000" d="M0 0v1h.5Z"/>
    </defs>
    <g transform="translate(-59 64)">
        <g id="b">
            <use id="a" transform="rotate(18 3.157 -.5)" xlink:href="#reuse-0"/>
            <use xlink:href="#a" width="1" height="1" transform="scale(-1 1)"/>
        </g>
        <use xlink:href="#b" width="1" height="1" transform="rotate(72)"/>
        <use xlink:href="#b" width="1" height="1" transform="rotate(-72)"/>
        <use xlink:href="#b" width="1" height="1" transform="rotate(144)"/>
        <use xlink:href="#b" width="1" height="1" transform="rotate(-144)"/>
    </g>
    <use id="c" transform="rotate(18 3.157 -.5)" xlink:href="#reuse-0"/>
    <use xlink:href="#c" width="1" height="1" transform="scale(-1 1)"/>
</svg>
