---
source: crates/oxvg_optimiser/src/jobs/remove_unused_n_s.rs
expression: "test_config(r#\"{ \"removeUnusedNS\": true }\"#,\nSome(r#\"<svg xmlns=\"http://www.w3.org/2000/svg\" xmlns:test=\"http://trololololololololololo.com/\">\n    <g test:attr=\"val\">\n        test\n    </g>\n</svg>\"#),)?"
---
<svg xmlns="http://www.w3.org/2000/svg">
    <g test:attr="val">
        test
    </g>
</svg>
