---
source: crates/oxvg_optimiser/src/jobs/remove_unused_n_s.rs
expression: "test_config(r#\"{ \"removeUnusedNS\": true }\"#,\nSome(r#\"<svg xmlns=\"http://www.w3.org/2000/svg\" xmlns:test=\"http://test.com/\" xmlns:test2=\"http://test2.com/\">\n    <g test:attr=\"val\">\n        <g>\n            test\n        </g>\n    </g>\n</svg>\"#),)?"
---
<svg xmlns="http://www.w3.org/2000/svg" xmlns:test="http://test.com/">
    <g test:attr="val">
        <g>
            test
        </g>
    </g>
</svg>
