---
source: crates/oxvg_optimiser/src/jobs/remove_deprecated_attrs.rs
expression: "test_config(r#\"{ \"removeDeprecatedAttrs\": {} }\"#,\nSome(r#\"<svg viewBox=\"0 0 100 100\" xmlns=\"http://www.w3.org/2000/svg\">\n    <!-- keeps `xml:lang` when standalone -->\n    <text xml:lang=\"en-US\">English text</text>\n</svg>\"#))?"
---
<svg xmlns="http://www.w3.org/2000/svg" viewBox="0 0 100 100">
    <!-- keeps `xml:lang` when standalone -->
    <text xml:lang="en-US">English text</text>
</svg>
