---
source: crates/oxvg_optimiser/src/jobs/mod.rs
expression: "test_config(\"{}\",\nSome(r#\"<svg xmlns=\"http://www.w3.org/2000/svg\" viewBox=\"0 0 4.2333332 4.2333335\">\n    <filter id=\"a\"><feOffset dx=\"0.21329178\" dy=\"-2229.106\"/></filter>\n    <path stroke-miterlimit=\"2.2360679\" pathLength=\"1234.567\" transform=\"translate(2888.4292,-2229.106)\" d=\"M1 1L5 2.5e-10\"/>\n</svg>\"#))?"
---
<svg xmlns="http://www.w3.org/2000/svg" viewBox="0 0 4.233333 4.2333336">
    <filter id="a">
        <feOffset dx=".21329178" dy="-2229.106"/>
    </filter>
    <path stroke-miterlimit="2.236068" pathLength="1234.567" transform="translate(2888.4292 -2229.106)" d="M1 1 5 2.5e-10"/>
</svg>
