---
source: crates/oxvg_optimiser/src/jobs/add_attributes_to_s_v_g_element.rs
expression: "test_config!(r#\"{ \"addAttributesToSVGElement\": {\n            \"attributes\": { \"data-icon\": \"\" }\n        } }\"#,\ncomment: \"Add single attribute without value\")?"
---
<svg xmlns="http://www.w3.org/2000/svg" data-icon="">
    <!-- Add single attribute without value -->
    test
</svg>
