---
source: crates/oxvg_optimiser/src/jobs/add_attributes_to_svg_element.rs
expression: "test_config(r#\"{ \"addAttributesToSvgElement\": {\n            \"attributes\": { \"data-icon\": null }\n        } }\"#,\n        None)?"
---
<svg xmlns="http://www.w3.org/2000/svg" data-icon="">
    test
</svg>
