---
source: crates/oxvg_optimiser/src/jobs/merge_paths.rs
expression: "test_config(r#\"{ \"mergePaths\": {} }\"#,\nSome(r##\"<svg xmlns=\"http://www.w3.org/2000/svg\" viewBox=\"0 0 300 300\">\n    <!-- don't merge paths with a linearGradient fill -->\n    <style>\n        path.lg{fill:url(#gradient);}\n    </style>\n    <linearGradient id=\"gradient\">\n        <stop offset=\"0\" stop-color=\"#ff0000\"/>\n        <stop offset=\"1\" stop-color=\"#0000ff\"/>\n    </linearGradient>\n    <path fill=\"url(#gradient)\" d=\"M 0 0 H 100 V 80 H 0 z\"/>\n    <path fill=\"url(#gradient)\" d=\"M 200 0 H 300 V 80 H 200 z\"/>\n    <path style=\"fill:url(#gradient)\" d=\"M 0 100 h 100 v 80 H 0 z\"/>\n    <path style=\"fill:url(#gradient)\" d=\"M 200 100 H 300 v 80 H 200 z\"/>\n    <path class=\"lg\" d=\"M 0 200 h 100 v 80 H 0 z\"/>\n    <path class=\"lg\" d=\"M 200 200 H 300 v 80 H 200 z\"/>\n</svg>\"##),)?"
---
<svg xmlns="http://www.w3.org/2000/svg" viewBox="0 0 300 300">
    <!-- don't merge paths with a linearGradient fill -->
    <style>
        path.lg{fill:url(#gradient);}
    </style>
    <linearGradient id="gradient">
        <stop offset="0" stop-color="#ff0000"/>
        <stop offset="1" stop-color="#0000ff"/>
    </linearGradient>
    <path fill="url(#gradient)" d="M 0 0 H 100 V 80 H 0 z"/>
    <path fill="url(#gradient)" d="M 200 0 H 300 V 80 H 200 z"/>
    <path style="fill:url(#gradient)" d="M 0 100 h 100 v 80 H 0 z"/>
    <path style="fill:url(#gradient)" d="M 200 100 H 300 v 80 H 200 z"/>
    <path class="lg" d="M 0 200 h 100 v 80 H 0 z"/>
    <path class="lg" d="M 200 200 H 300 v 80 H 200 z"/>
</svg>
