---
source: crates/oxvg_optimiser/src/jobs/remove_unknowns_and_defaults.rs
expression: "test_config(r#\"{ \"removeUnknownsAndDefaults\": {} }\"#,\nSome(r#\"<svg xmlns=\"http://www.w3.org/2000/svg\">\n    <!-- retain matching non-inheritable attributes -->\n    <g transform=\"translate(792)\">\n        <g transform=\"translate(792)\">\n            <path d=\"M118.8 186.9l79.2\"/>\n        </g>\n    </g>\n</svg>\"#),)?"
---
<svg xmlns="http://www.w3.org/2000/svg">
    <!-- retain matching non-inheritable attributes -->
    <g transform="translate(792)">
        <g transform="translate(792)">
            <path d="M118.8 186.9l79.2"></path>
        </g>
    </g>
</svg>
