---
source: crates/oxvg_optimiser/src/jobs/remove_deprecated_attrs.rs
expression: "test_config(r#\"{ \"removeDeprecatedAttrs\": { \"removeUnsafe\": true } }\"#,\nSome(r#\"<svg viewBox=\"0 0 100 100\" xmlns=\"http://www.w3.org/2000/svg\">\n    <!-- removes unsafe to remove deprecated `xml:lang` -->\n    <text xml:lang=\"en-US\">English text</text>\n</svg>\"#))?"
---
<svg xmlns="http://www.w3.org/2000/svg" viewBox="0 0 100 100">
    <!-- removes unsafe to remove deprecated `xml:lang` -->
    <text>
        English text
    </text>
</svg>
