---
source: crates/oxvg_optimiser/src/jobs/remove_doctype.rs
expression: "test_config(r#\"{ \"removeDoctype\": true }\"#,\nSome(r#\"<!DOCTYPE svg PUBLIC \"-//W3C//DTD SVG 1.1//EN\" \"http://www.w3.org/Graphics/SVG/1.1/DTD/svg11.dtd\">\n<svg xmlns=\"http://www.w3.org/2000/svg\">\n    test\n</svg>\"#),)?"
---
<svg xmlns="http://www.w3.org/2000/svg">
    test
</svg>
