---
source: crates/oxvg_optimiser/src/jobs/convert_one_stop_gradients.rs
expression: "test_config(r#\"{ \"convertOneStopGradients\": true }\"#,\nSome(r##\"<svg xmlns=\"http://www.w3.org/2000/svg\"\n  xmlns:xlink=\"http://www.w3.org/1999/xlink\" version=\"1.1\" width=\"744.09448\" height=\"1052.3622\">\n  <!-- Convert a one-stop gradient that references another one-stop gradient. -->\n  <!-- Remove xlink:href namespace since we remove the only reference to it. -->\n  <defs>\n    <linearGradient id=\"a\">\n      <stop style=\"stop-color:#a8c4cc\"/>\n    </linearGradient>\n    <linearGradient x1=\"353.83112\" y1=\"396.85037\" x2=\"496.56262\" y2=\"396.85037\" id=\"b\" xlink:href=\"#a\"/>\n  </defs>\n  <rect width=\"150\" height=\"150\" x=\"350\" y=\"350\" style=\"fill:url(#b)\"/>\n</svg>\"##),)?"
---
<svg xmlns="http://www.w3.org/2000/svg" version="1.1" width="744.09448" height="1052.3622">
    <!-- Convert a one-stop gradient that references another one-stop gradient. -->
    <!-- Remove xlink:href namespace since we remove the only reference to it. -->
    <rect width="150" height="150" x="350" y="350" style="fill:#a8c4cc"/>
</svg>
