---
source: crates/oxvg_optimiser/src/jobs/sort_attrs.rs
expression: "test_config(r#\"{ \"sortAttrs\": {} }\"#,\nSome(r#\"<svg xmlns:editor2=\"link\" fill=\"\" b=\"\" xmlns:xlink=\"\" xmlns:editor1=\"link\" xmlns=\"\" d=\"\">\n    <!-- put xmlns and namespace attributes before others by default -->\n    <rect editor2:b=\"\" editor1:b=\"\" editor2:a=\"\" editor1:a=\"\" />\n</svg>\"#),)?"
---
<svg fill="" d="" b="">
    <!-- put xmlns and namespace attributes before others by default -->
    <rect editor2:a="" editor2:b=""/>
</svg>
