---
source: crates/oxvg_optimiser/src/jobs/minify_styles.rs
expression: "test_config(r#\"{ \"minifyStyles\": { \"removeUnused\": false } }\"#,\nSome(r#\"<svg xmlns=\"http://www.w3.org/2000/svg\">\n    <style>\n        .used { p: 1 }\n        .unused { p: 2 }\n        #used { p: 3 }\n        #unused { p: 4 }\n        g { p: 5 }\n        unused { p: 6 }\n    </style>\n    <g id=\"used\" class=\"used\">\n        test\n    </g>\n</svg>\"#),)?"
---
<svg xmlns="http://www.w3.org/2000/svg">
    <style>.used{p:1}.unused{p:2}#used{p:3}#unused{p:4}g{p:5}unused{p:6}</style>
    <g id="used" class="used">
        test
    </g>
</svg>
