---
source: crates/oxvg_actions/src/actions/manipulate.rs
expression: actor.root.serialize().unwrap()
---
<svg xmlns="http://www.w3.org/2000/svg" xmlns:oxvg="https://oxvg.noahwbaldwin.me" width="10"><oxvg:state><oxvg:history><oxvg:action oxvg:id="Select"><oxvg:arg>svg</oxvg:arg></oxvg:action><oxvg:action oxvg:id="Attr"><oxvg:arg>width</oxvg:arg><oxvg:arg>10</oxvg:arg></oxvg:action><oxvg:action oxvg:id="Attr"><oxvg:arg>unknown</oxvg:arg><oxvg:arg>foo</oxvg:arg></oxvg:action></oxvg:history><oxvg:selection oxvg:ids="1"/></oxvg:state></svg>
